/Users/necatifurkancolak/Library/Python/3.9/lib/python/site-packages/urllib3/__init__.py:35: NotOpenSSLWarning: urllib3 v2 only supports OpenSSL 1.1.1+, currently the 'ssl' module is compiled with 'LibreSSL 2.8.3'. See: https://github.com/urllib3/urllib3/issues/3020
  warnings.warn(
/Users/necatifurkancolak/Library/Python/3.9/lib/python/site-packages/torch_geometric/deprecation.py:26: UserWarning: 'data.DataLoader' is deprecated, use 'loader.DataLoader' instead
  warnings.warn(out)
============================================================
TRAINING
============================================================
  [INFO] Prototype layers ENABLED.
  Dataset : mimic_patient_sim
  Graphs  : 20000  |  avg nodes: 11.0  |  avg edges: 10.0
  Classes : 2  |  input_dim: 327
  Class counts (train): [9983, 6017]
  Class counts (eval) : [1248, 752]
  Class counts (test) : [1248, 752]
  Class weights       : [0.8014, 1.3296]
  clst=0.02  sep=0.0  lr=0.001

  Epoch    0 | Train Loss: 1.1648  Acc: 0.3812 | Eval Loss: 0.6897  Acc: 0.4300  PR-AUC: 0.7132  [2s]
  Epoch    1 | Train Loss: 1.0056  Acc: 0.5857 | Eval Loss: 0.6852  Acc: 0.5690  PR-AUC: 0.7260  [3s]
  Epoch    2 | Train Loss: 0.9081  Acc: 0.7108 | Eval Loss: 0.6747  Acc: 0.6885  PR-AUC: 0.7188  [5s]
  Epoch    3 | Train Loss: 0.8288  Acc: 0.7515 | Eval Loss: 0.6540  Acc: 0.7190  PR-AUC: 0.7063  [6s]
  Epoch    4 | Train Loss: 0.7433  Acc: 0.7760 | Eval Loss: 0.6035  Acc: 0.7385  PR-AUC: 0.7073  [8s]
  Epoch    5 | Train Loss: 0.5712  Acc: 0.7850 | Eval Loss: 0.5191  Acc: 0.7515  PR-AUC: 0.7370  [9s]
  Epoch    6 | Train Loss: 0.4797  Acc: 0.7857 | Eval Loss: 0.5149  Acc: 0.7485  PR-AUC: 0.7423  [11s]
  Epoch    7 | Train Loss: 0.4377  Acc: 0.8061 | Eval Loss: 0.5260  Acc: 0.7535  PR-AUC: 0.7297  [13s]
  Epoch    8 | Train Loss: 0.4011  Acc: 0.8210 | Eval Loss: 0.5652  Acc: 0.7495  PR-AUC: 0.7177  [14s]
  Epoch    9 | Train Loss: 0.3855  Acc: 0.8301 | Eval Loss: 0.5481  Acc: 0.7625  PR-AUC: 0.7355  [16s]
  Epoch   10 | Train Loss: 0.3451  Acc: 0.8524 | Eval Loss: 0.5793  Acc: 0.7525  PR-AUC: 0.7236  [17s]
  Epoch   11 | Train Loss: 0.3211  Acc: 0.8629 | Eval Loss: 0.5753  Acc: 0.7445  PR-AUC: 0.7076  [19s]
  Epoch   12 | Train Loss: 0.2902  Acc: 0.8779 | Eval Loss: 0.6294  Acc: 0.7480  PR-AUC: 0.7063  [20s]
  Epoch   13 | Train Loss: 0.2760  Acc: 0.8827 | Eval Loss: 0.6339  Acc: 0.7245  PR-AUC: 0.6852  [22s]
  Epoch   14 | Train Loss: 0.2566  Acc: 0.8929 | Eval Loss: 0.6627  Acc: 0.7510  PR-AUC: 0.6937  [24s]
  Epoch   15 | Train Loss: 0.2287  Acc: 0.9078 | Eval Loss: 0.6904  Acc: 0.7330  PR-AUC: 0.6825  [26s]
  Epoch   16 | Train Loss: 0.2073  Acc: 0.9143 | Eval Loss: 0.7295  Acc: 0.7150  PR-AUC: 0.6821  [27s]
  Epoch   17 | Train Loss: 0.1892  Acc: 0.9235 | Eval Loss: 0.8233  Acc: 0.7470  PR-AUC: 0.7006  [29s]
  Epoch   18 | Train Loss: 0.1743  Acc: 0.9326 | Eval Loss: 0.8258  Acc: 0.7280  PR-AUC: 0.6708  [30s]
  Epoch   19 | Train Loss: 0.1526  Acc: 0.9416 | Eval Loss: 0.8785  Acc: 0.7320  PR-AUC: 0.6709  [31s]
  Epoch   20 | Train Loss: 0.1477  Acc: 0.9414 | Eval Loss: 0.9120  Acc: 0.7220  PR-AUC: 0.6677  [33s]
  Epoch   21 | Train Loss: 0.1299  Acc: 0.9515 | Eval Loss: 0.9415  Acc: 0.7260  PR-AUC: 0.6579  [35s]
  Epoch   22 | Train Loss: 0.1173  Acc: 0.9561 | Eval Loss: 0.9412  Acc: 0.7225  PR-AUC: 0.6618  [37s]
  Epoch   23 | Train Loss: 0.1112  Acc: 0.9598 | Eval Loss: 1.0296  Acc: 0.7230  PR-AUC: 0.6630  [38s]
  Epoch   24 | Train Loss: 0.0933  Acc: 0.9663 | Eval Loss: 1.0437  Acc: 0.7255  PR-AUC: 0.6721  [40s]
  Epoch   25 | Train Loss: 0.1070  Acc: 0.9614 | Eval Loss: 1.0648  Acc: 0.7315  PR-AUC: 0.6633  [41s]
  Epoch   26 | Train Loss: 0.0870  Acc: 0.9682 | Eval Loss: 1.1855  Acc: 0.7270  PR-AUC: 0.6618  [43s]
  Epoch   27 | Train Loss: 0.0692  Acc: 0.9759 | Eval Loss: 1.2163  Acc: 0.7200  PR-AUC: 0.6394  [44s]

  Early stopping triggered at epoch 27.

  Best checkpoint: epoch=6, metric=0.7423

  Calibrated decision threshold: 0.490 (validation balanced_acc=0.7451)

  TEST RESULTS
    loss              : 0.492195
    acc               : 0.767
    precision         : 0.668632
    recall            : 0.753989
    specificity       : 0.77484
    f1                : 0.70875
    balanced_acc      : 0.764415
    pr_auc            : 0.759625
    confusion_matrix  : {'tn': 967, 'fp': 281, 'fn': 185, 'tp': 567}
    threshold         : 0.49

  THRESHOLD SENSITIVITY (test set)
    t=0.300 | precision=0.541 recall=0.919 specificity=0.530 f1=0.681 | TP=691 FP=587 TN=661 FN=61
    t=0.360 | precision=0.589 recall=0.878 specificity=0.631 f1=0.705 | TP=660 FP=460 TN=788 FN=92
    t=0.400 | precision=0.612 recall=0.843 specificity=0.678 f1=0.709 | TP=634 FP=402 TN=846 FN=118
    t=0.490 | precision=0.669 recall=0.754 specificity=0.775 f1=0.709 | TP=567 FP=281 TN=967 FN=185
    t=0.500 | precision=0.676 recall=0.747 specificity=0.784 f1=0.710 | TP=562 FP=269 TN=979 FN=190
    t=0.600 | precision=0.729 recall=0.649 specificity=0.855 f1=0.687 | TP=488 FP=181 TN=1067 FN=264
    t=0.700 | precision=0.777 recall=0.520 specificity=0.910 f1=0.623 | TP=391 FP=112 TN=1136 FN=361

============================================================
GRAPHXAI EXPLANATIONS
============================================================
  GNN layers detected (L): 3
  Explaining 0 test graphs


============================================================
SAVING RESULTS
============================================================

  Saved report to /Users/necatifurkancolak/MP---Self-Explainable-Graph-Neural-Networks-via-Prototype-Learning-for-Medical-Diagnosis/outputs/results/report.txt

  All results written to: /Users/necatifurkancolak/MP---Self-Explainable-Graph-Neural-Networks-via-Prototype-Learning-for-Medical-Diagnosis/outputs/results/

Done.
