/Users/necatifurkancolak/Library/Python/3.9/lib/python/site-packages/urllib3/__init__.py:35: NotOpenSSLWarning: urllib3 v2 only supports OpenSSL 1.1.1+, currently the 'ssl' module is compiled with 'LibreSSL 2.8.3'. See: https://github.com/urllib3/urllib3/issues/3020
  warnings.warn(
/Users/necatifurkancolak/Library/Python/3.9/lib/python/site-packages/torch_geometric/deprecation.py:26: UserWarning: 'data.DataLoader' is deprecated, use 'loader.DataLoader' instead
  warnings.warn(out)
============================================================
TRAINING
============================================================
  [INFO] Prototype layers ENABLED.
  Dataset : mimic_patient_sim
  Graphs  : 20000  |  avg nodes: 11.0  |  avg edges: 10.0
  Classes : 2  |  input_dim: 327
  Class counts (train): [9983, 6017]
  Class counts (eval) : [1248, 752]
  Class counts (test) : [1248, 752]
  Class weights       : [0.8014, 1.3296]
  clst=0.005  sep=0.001  lr=0.001

  Epoch    0 | Train Loss: 0.7865  Acc: 0.5673 | Eval Loss: 0.6873  Acc: 0.6605  PR-AUC: 0.7044  [2s]
  Epoch    1 | Train Loss: 0.7496  Acc: 0.7313 | Eval Loss: 0.6790  Acc: 0.7235  PR-AUC: 0.7058  [3s]
  Epoch    2 | Train Loss: 0.7171  Acc: 0.7587 | Eval Loss: 0.6603  Acc: 0.7300  PR-AUC: 0.6807  [5s]
  Epoch    3 | Train Loss: 0.6727  Acc: 0.7689 | Eval Loss: 0.6209  Acc: 0.7480  PR-AUC: 0.7039  [7s]
  Epoch    4 | Train Loss: 0.5907  Acc: 0.7752 | Eval Loss: 0.5478  Acc: 0.7455  PR-AUC: 0.6929  [8s]
  Epoch    5 | Train Loss: 0.4921  Acc: 0.7833 | Eval Loss: 0.5058  Acc: 0.7440  PR-AUC: 0.7405  [10s]
  Epoch    6 | Train Loss: 0.4523  Acc: 0.7893 | Eval Loss: 0.4988  Acc: 0.7590  PR-AUC: 0.7596  [12s]
  Epoch    7 | Train Loss: 0.4289  Acc: 0.8027 | Eval Loss: 0.5205  Acc: 0.7660  PR-AUC: 0.7411  [13s]
  Epoch    8 | Train Loss: 0.4066  Acc: 0.8066 | Eval Loss: 0.5339  Acc: 0.7530  PR-AUC: 0.7421  [14s]
  Epoch    9 | Train Loss: 0.3857  Acc: 0.8167 | Eval Loss: 0.5267  Acc: 0.7575  PR-AUC: 0.7444  [16s]
  Epoch   10 | Train Loss: 0.3609  Acc: 0.8311 | Eval Loss: 0.5684  Acc: 0.7610  PR-AUC: 0.7410  [17s]
  Epoch   11 | Train Loss: 0.3432  Acc: 0.8389 | Eval Loss: 0.5622  Acc: 0.7420  PR-AUC: 0.7245  [19s]
  Epoch   12 | Train Loss: 0.3132  Acc: 0.8536 | Eval Loss: 0.6376  Acc: 0.7625  PR-AUC: 0.7243  [21s]
  Epoch   13 | Train Loss: 0.2999  Acc: 0.8576 | Eval Loss: 0.6303  Acc: 0.7485  PR-AUC: 0.7102  [23s]
  Epoch   14 | Train Loss: 0.2860  Acc: 0.8664 | Eval Loss: 0.6249  Acc: 0.7710  PR-AUC: 0.7324  [24s]
  Epoch   15 | Train Loss: 0.2444  Acc: 0.8888 | Eval Loss: 0.6659  Acc: 0.7270  PR-AUC: 0.7001  [26s]
  Epoch   16 | Train Loss: 0.2334  Acc: 0.8960 | Eval Loss: 0.7167  Acc: 0.7335  PR-AUC: 0.7060  [27s]
  Epoch   17 | Train Loss: 0.2223  Acc: 0.8991 | Eval Loss: 0.7927  Acc: 0.7435  PR-AUC: 0.6959  [28s]
  Epoch   18 | Train Loss: 0.1929  Acc: 0.9166 | Eval Loss: 0.8666  Acc: 0.7515  PR-AUC: 0.6868  [30s]
  Epoch   19 | Train Loss: 0.1831  Acc: 0.9226 | Eval Loss: 0.8485  Acc: 0.7270  PR-AUC: 0.6855  [31s]
  Epoch   20 | Train Loss: 0.1728  Acc: 0.9273 | Eval Loss: 0.8531  Acc: 0.7335  PR-AUC: 0.6749  [33s]
  Epoch   21 | Train Loss: 0.1544  Acc: 0.9355 | Eval Loss: 0.9246  Acc: 0.7255  PR-AUC: 0.6878  [34s]
  Epoch   22 | Train Loss: 0.1309  Acc: 0.9478 | Eval Loss: 1.0004  Acc: 0.7150  PR-AUC: 0.6682  [35s]
  Epoch   23 | Train Loss: 0.1132  Acc: 0.9559 | Eval Loss: 1.0834  Acc: 0.7205  PR-AUC: 0.6762  [37s]
  Epoch   24 | Train Loss: 0.1105  Acc: 0.9577 | Eval Loss: 1.0630  Acc: 0.7220  PR-AUC: 0.6746  [38s]
  Epoch   25 | Train Loss: 0.1042  Acc: 0.9610 | Eval Loss: 1.1297  Acc: 0.7380  PR-AUC: 0.6766  [40s]
  Epoch   26 | Train Loss: 0.1058  Acc: 0.9594 | Eval Loss: 1.1369  Acc: 0.7355  PR-AUC: 0.6910  [41s]
  Epoch   27 | Train Loss: 0.0882  Acc: 0.9667 | Eval Loss: 1.2094  Acc: 0.7065  PR-AUC: 0.6530  [43s]

  Early stopping triggered at epoch 27.

  Best checkpoint: epoch=6, metric=0.7596

  Calibrated decision threshold: 0.505 (validation balanced_acc=0.7568)

  TEST RESULTS
    loss              : 0.487971
    acc               : 0.7625
    precision         : 0.662368
    recall            : 0.75133
    specificity       : 0.769231
    f1                : 0.70405
    balanced_acc      : 0.76028
    pr_auc            : 0.753754
    confusion_matrix  : {'tn': 960, 'fp': 288, 'fn': 187, 'tp': 565}
    threshold         : 0.505

  THRESHOLD SENSITIVITY (test set)
    t=0.300 | precision=0.557 recall=0.916 specificity=0.561 f1=0.693 | TP=689 FP=548 TN=700 FN=63
    t=0.360 | precision=0.595 recall=0.875 specificity=0.642 f1=0.709 | TP=658 FP=447 TN=801 FN=94
    t=0.400 | precision=0.624 recall=0.843 specificity=0.694 f1=0.717 | TP=634 FP=382 TN=866 FN=118
    t=0.500 | precision=0.661 recall=0.759 specificity=0.765 f1=0.707 | TP=571 FP=293 TN=955 FN=181
    t=0.505 | precision=0.662 recall=0.751 specificity=0.769 f1=0.704 | TP=565 FP=288 TN=960 FN=187
    t=0.600 | precision=0.723 recall=0.664 specificity=0.847 f1=0.692 | TP=499 FP=191 TN=1057 FN=253
    t=0.700 | precision=0.755 recall=0.544 specificity=0.893 f1=0.632 | TP=409 FP=133 TN=1115 FN=343

============================================================
GRAPHXAI EXPLANATIONS
============================================================
  GNN layers detected (L): 3
  Explaining 0 test graphs


============================================================
SAVING RESULTS
============================================================

  Saved report to /Users/necatifurkancolak/MP---Self-Explainable-Graph-Neural-Networks-via-Prototype-Learning-for-Medical-Diagnosis/outputs/results/report.txt

  All results written to: /Users/necatifurkancolak/MP---Self-Explainable-Graph-Neural-Networks-via-Prototype-Learning-for-Medical-Diagnosis/outputs/results/

Done.
