~/Library/Python/3.9/lib/python/site-packages/urllib3/__init__.py:35: NotOpenSSLWarning: urllib3 v2 only supports OpenSSL 1.1.1+, currently the 'ssl' module is compiled with 'LibreSSL 2.8.3'. See: https://github.com/urllib3/urllib3/issues/3020
  warnings.warn(
{"cell": "comparison/standardized/matched_gchm_xgb_v1/runs/none/seed1234", "rounds_completed": 50, "rounds_total": 1200, "elapsed_seconds": 4.538127458, "estimated_remaining_seconds": 104.376931534, "validation_macro_f1": 0.545661}
{"cell": "comparison/standardized/matched_gchm_xgb_v1/runs/none/seed1234", "rounds_completed": 100, "rounds_total": 1200, "elapsed_seconds": 9.417989375, "estimated_remaining_seconds": 103.597883125, "validation_macro_f1": 0.557444}
{"cell": "comparison/standardized/matched_gchm_xgb_v1/runs/none/seed1234", "rounds_completed": 150, "rounds_total": 1200, "elapsed_seconds": 14.869599667, "estimated_remaining_seconds": 104.08719766899999, "validation_macro_f1": 0.563361}
{"cell": "comparison/standardized/matched_gchm_xgb_v1/runs/none/seed1234", "rounds_completed": 200, "rounds_total": 1200, "elapsed_seconds": 20.682124292, "estimated_remaining_seconds": 103.41062146, "validation_macro_f1": 0.565875}
{"cell": "comparison/standardized/matched_gchm_xgb_v1/runs/none/seed1234", "rounds_completed": 250, "rounds_total": 1200, "elapsed_seconds": 26.931344875, "estimated_remaining_seconds": 102.339110525, "validation_macro_f1": 0.570076}
{"cell": "comparison/standardized/matched_gchm_xgb_v1/runs/none/seed1234", "rounds_completed": 300, "rounds_total": 1200, "elapsed_seconds": 32.621975792, "estimated_remaining_seconds": 97.865927376, "validation_macro_f1": 0.575043}
{"cell": "comparison/standardized/matched_gchm_xgb_v1/runs/none/seed1234", "rounds_completed": 350, "rounds_total": 1200, "elapsed_seconds": 38.059631625, "estimated_remaining_seconds": 92.43053394642858, "validation_macro_f1": 0.576515}
{"cell": "comparison/standardized/matched_gchm_xgb_v1/runs/none/seed1234", "rounds_completed": 400, "rounds_total": 1200, "elapsed_seconds": 43.306661167, "estimated_remaining_seconds": 86.613322334, "validation_macro_f1": 0.577746}
{"cell": "comparison/standardized/matched_gchm_xgb_v1/runs/none/seed1234", "rounds_completed": 450, "rounds_total": 1200, "elapsed_seconds": 48.516558125, "estimated_remaining_seconds": 80.86093020833334, "validation_macro_f1": 0.580204}
{"cell": "comparison/standardized/matched_gchm_xgb_v1/runs/none/seed1234", "rounds_completed": 500, "rounds_total": 1200, "elapsed_seconds": 53.616603792, "estimated_remaining_seconds": 75.06324530879999, "validation_macro_f1": 0.581571}
{"cell": "comparison/standardized/matched_gchm_xgb_v1/runs/none/seed1234", "rounds_completed": 550, "rounds_total": 1200, "elapsed_seconds": 58.63511025, "estimated_remaining_seconds": 69.29603938636363, "validation_macro_f1": 0.584025}
{"cell": "comparison/standardized/matched_gchm_xgb_v1/runs/none/seed1234", "rounds_completed": 600, "rounds_total": 1200, "elapsed_seconds": 63.906546417, "estimated_remaining_seconds": 63.906546417, "validation_macro_f1": 0.582502}
{"cell": "comparison/standardized/matched_gchm_xgb_v1/runs/none/seed1234", "rounds_completed": 650, "rounds_total": 1200, "elapsed_seconds": 69.108151375, "estimated_remaining_seconds": 58.476128086538466, "validation_macro_f1": 0.581519}
{"cell": "comparison/standardized/matched_gchm_xgb_v1/runs/none/seed1234", "rounds_completed": 700, "rounds_total": 1200, "elapsed_seconds": 74.1768655, "estimated_remaining_seconds": 52.98347535714286, "validation_macro_f1": 0.581971}
{"cell": "comparison/standardized/matched_gchm_xgb_v1/runs/none/seed1234", "rounds_completed": 750, "rounds_total": 1200, "elapsed_seconds": 79.166686167, "estimated_remaining_seconds": 47.5000117002, "validation_macro_f1": 0.581597}
{"cell": "comparison/standardized/matched_gchm_xgb_v1/runs/none/seed1234", "rounds_completed": 800, "rounds_total": 1200, "elapsed_seconds": 84.135369333, "estimated_remaining_seconds": 42.0676846665, "validation_macro_f1": 0.583431}
{"cell": "comparison/standardized/matched_gchm_xgb_v1/runs/none/seed1234", "rounds_completed": 850, "rounds_total": 1200, "elapsed_seconds": 89.148383958, "estimated_remaining_seconds": 36.70815810035294, "validation_macro_f1": 0.584417}
{"cell": "comparison/standardized/matched_gchm_xgb_v1/runs/none/seed1234", "rounds_completed": 900, "rounds_total": 1200, "elapsed_seconds": 94.117310542, "estimated_remaining_seconds": 31.372436847333333, "validation_macro_f1": 0.584004}
{"cell": "comparison/standardized/matched_gchm_xgb_v1/runs/none/seed1234", "rounds_completed": 950, "rounds_total": 1200, "elapsed_seconds": 99.033757708, "estimated_remaining_seconds": 26.06151518631579, "validation_macro_f1": 0.583919}
{"cell": "comparison/standardized/matched_gchm_xgb_v1/runs/none/seed1234", "rounds_completed": 1000, "rounds_total": 1200, "elapsed_seconds": 104.0479625, "estimated_remaining_seconds": 20.809592499999997, "validation_macro_f1": 0.584448}
{"cell": "comparison/standardized/matched_gchm_xgb_v1/runs/none/seed1234", "rounds_completed": 1050, "rounds_total": 1200, "elapsed_seconds": 108.986916875, "estimated_remaining_seconds": 15.56955955357143, "validation_macro_f1": 0.583374}
{"cell": "comparison/standardized/matched_gchm_xgb_v1/runs/none/seed1234", "rounds_completed": 1100, "rounds_total": 1200, "elapsed_seconds": 113.985404625, "estimated_remaining_seconds": 10.362309511363636, "validation_macro_f1": 0.583793}
{"cell": "comparison/standardized/matched_gchm_xgb_v1/runs/none/seed1234", "rounds_completed": 1150, "rounds_total": 1200, "elapsed_seconds": 118.984366458, "estimated_remaining_seconds": 5.1732333242608695, "validation_macro_f1": 0.583615}
{"cell": "comparison/standardized/matched_gchm_xgb_v1/runs/none/seed1234", "rounds_completed": 1200, "rounds_total": 1200, "elapsed_seconds": 123.936934042, "estimated_remaining_seconds": 0.0, "validation_macro_f1": 0.581641}
{"status": "completed", "scope": "full_cohort", "seed": 1234, "weight_policy": "none", "selected_counts": [59607, 7448], "selected_iteration": 889, "metrics": {"accuracy": 0.645945, "balanced_acc": 0.575022, "macro_f1": 0.585568, "micro_f1": 0.645945, "top3_acc": 0.844119, "top5_acc": 0.905478}, "elapsed_seconds": 125.731244209}
{"cell": "comparison/standardized/matched_gchm_xgb_v1/runs/none/seed1235", "rounds_completed": 50, "rounds_total": 1200, "elapsed_seconds": 4.79230908400001, "estimated_remaining_seconds": 110.22310893200023, "validation_macro_f1": 0.544141}
{"cell": "comparison/standardized/matched_gchm_xgb_v1/runs/none/seed1235", "rounds_completed": 100, "rounds_total": 1200, "elapsed_seconds": 9.874301666999997, "estimated_remaining_seconds": 108.61731833699997, "validation_macro_f1": 0.556786}
{"cell": "comparison/standardized/matched_gchm_xgb_v1/runs/none/seed1235", "rounds_completed": 150, "rounds_total": 1200, "elapsed_seconds": 15.399484916999995, "estimated_remaining_seconds": 107.79639441899997, "validation_macro_f1": 0.562131}
{"cell": "comparison/standardized/matched_gchm_xgb_v1/runs/none/seed1235", "rounds_completed": 200, "rounds_total": 1200, "elapsed_seconds": 21.283822334000007, "estimated_remaining_seconds": 106.41911167000004, "validation_macro_f1": 0.567528}
{"cell": "comparison/standardized/matched_gchm_xgb_v1/runs/none/seed1235", "rounds_completed": 250, "rounds_total": 1200, "elapsed_seconds": 27.175248458999988, "estimated_remaining_seconds": 103.26594414419995, "validation_macro_f1": 0.573637}
{"cell": "comparison/standardized/matched_gchm_xgb_v1/runs/none/seed1235", "rounds_completed": 300, "rounds_total": 1200, "elapsed_seconds": 33.103836916999995, "estimated_remaining_seconds": 99.31151075099999, "validation_macro_f1": 0.572608}
{"cell": "comparison/standardized/matched_gchm_xgb_v1/runs/none/seed1235", "rounds_completed": 350, "rounds_total": 1200, "elapsed_seconds": 38.68235337499999, "estimated_remaining_seconds": 93.94285819642855, "validation_macro_f1": 0.575697}
{"cell": "comparison/standardized/matched_gchm_xgb_v1/runs/none/seed1235", "rounds_completed": 400, "rounds_total": 1200, "elapsed_seconds": 44.076480041999986, "estimated_remaining_seconds": 88.15296008399997, "validation_macro_f1": 0.577403}
{"cell": "comparison/standardized/matched_gchm_xgb_v1/runs/none/seed1235", "rounds_completed": 450, "rounds_total": 1200, "elapsed_seconds": 49.275113917, "estimated_remaining_seconds": 82.12518986166667, "validation_macro_f1": 0.578112}
{"cell": "comparison/standardized/matched_gchm_xgb_v1/runs/none/seed1235", "rounds_completed": 500, "rounds_total": 1200, "elapsed_seconds": 54.363848708999996, "estimated_remaining_seconds": 76.1093881926, "validation_macro_f1": 0.580022}
{"cell": "comparison/standardized/matched_gchm_xgb_v1/runs/none/seed1235", "rounds_completed": 550, "rounds_total": 1200, "elapsed_seconds": 59.36872258399998, "estimated_remaining_seconds": 70.16303578109088, "validation_macro_f1": 0.581912}
{"cell": "comparison/standardized/matched_gchm_xgb_v1/runs/none/seed1235", "rounds_completed": 600, "rounds_total": 1200, "elapsed_seconds": 64.41501141699999, "estimated_remaining_seconds": 64.41501141699999, "validation_macro_f1": 0.581852}
{"cell": "comparison/standardized/matched_gchm_xgb_v1/runs/none/seed1235", "rounds_completed": 650, "rounds_total": 1200, "elapsed_seconds": 69.40486179199999, "estimated_remaining_seconds": 58.72719074707692, "validation_macro_f1": 0.582828}
{"cell": "comparison/standardized/matched_gchm_xgb_v1/runs/none/seed1235", "rounds_completed": 700, "rounds_total": 1200, "elapsed_seconds": 74.326768584, "estimated_remaining_seconds": 53.090548988571435, "validation_macro_f1": 0.58368}
{"cell": "comparison/standardized/matched_gchm_xgb_v1/runs/none/seed1235", "rounds_completed": 750, "rounds_total": 1200, "elapsed_seconds": 79.62289799999999, "estimated_remaining_seconds": 47.77373879999999, "validation_macro_f1": 0.584093}
{"cell": "comparison/standardized/matched_gchm_xgb_v1/runs/none/seed1235", "rounds_completed": 800, "rounds_total": 1200, "elapsed_seconds": 84.51914737499999, "estimated_remaining_seconds": 42.259573687499994, "validation_macro_f1": 0.584534}
{"cell": "comparison/standardized/matched_gchm_xgb_v1/runs/none/seed1235", "rounds_completed": 850, "rounds_total": 1200, "elapsed_seconds": 89.35707937499998, "estimated_remaining_seconds": 36.79409150735294, "validation_macro_f1": 0.584523}
{"cell": "comparison/standardized/matched_gchm_xgb_v1/runs/none/seed1235", "rounds_completed": 900, "rounds_total": 1200, "elapsed_seconds": 94.23220995899999, "estimated_remaining_seconds": 31.410736652999997, "validation_macro_f1": 0.584477}
{"cell": "comparison/standardized/matched_gchm_xgb_v1/runs/none/seed1235", "rounds_completed": 950, "rounds_total": 1200, "elapsed_seconds": 99.05078133399999, "estimated_remaining_seconds": 26.065995087894734, "validation_macro_f1": 0.584914}
{"cell": "comparison/standardized/matched_gchm_xgb_v1/runs/none/seed1235", "rounds_completed": 1000, "rounds_total": 1200, "elapsed_seconds": 103.99231262499998, "estimated_remaining_seconds": 20.798462524999998, "validation_macro_f1": 0.584817}
{"cell": "comparison/standardized/matched_gchm_xgb_v1/runs/none/seed1235", "rounds_completed": 1050, "rounds_total": 1200, "elapsed_seconds": 108.83129862499999, "estimated_remaining_seconds": 15.547328374999998, "validation_macro_f1": 0.584335}
{"cell": "comparison/standardized/matched_gchm_xgb_v1/runs/none/seed1235", "rounds_completed": 1100, "rounds_total": 1200, "elapsed_seconds": 113.77753229199999, "estimated_remaining_seconds": 10.343412026545455, "validation_macro_f1": 0.581257}
{"cell": "comparison/standardized/matched_gchm_xgb_v1/runs/none/seed1235", "rounds_completed": 1150, "rounds_total": 1200, "elapsed_seconds": 118.72379920899999, "estimated_remaining_seconds": 5.161904313434782, "validation_macro_f1": 0.583297}
{"cell": "comparison/standardized/matched_gchm_xgb_v1/runs/none/seed1235", "rounds_completed": 1200, "rounds_total": 1200, "elapsed_seconds": 123.744076667, "estimated_remaining_seconds": 0.0, "validation_macro_f1": 0.582958}
{"status": "completed", "scope": "full_cohort", "seed": 1235, "weight_policy": "none", "selected_counts": [59607, 7448], "selected_iteration": 974, "metrics": {"accuracy": 0.647154, "balanced_acc": 0.57555, "macro_f1": 0.58617, "micro_f1": 0.647154, "top3_acc": 0.846402, "top5_acc": 0.908432}, "elapsed_seconds": 125.53378099999998}
{"cell": "comparison/standardized/matched_gchm_xgb_v1/runs/none/seed1236", "rounds_completed": 50, "rounds_total": 1200, "elapsed_seconds": 4.6510645830000215, "estimated_remaining_seconds": 106.9744854090005, "validation_macro_f1": 0.544641}
{"cell": "comparison/standardized/matched_gchm_xgb_v1/runs/none/seed1236", "rounds_completed": 100, "rounds_total": 1200, "elapsed_seconds": 9.583923999999996, "estimated_remaining_seconds": 105.42316399999996, "validation_macro_f1": 0.557274}
{"cell": "comparison/standardized/matched_gchm_xgb_v1/runs/none/seed1236", "rounds_completed": 150, "rounds_total": 1200, "elapsed_seconds": 14.955169917000006, "estimated_remaining_seconds": 104.68618941900004, "validation_macro_f1": 0.563391}
{"cell": "comparison/standardized/matched_gchm_xgb_v1/runs/none/seed1236", "rounds_completed": 200, "rounds_total": 1200, "elapsed_seconds": 20.681470707999978, "estimated_remaining_seconds": 103.40735353999989, "validation_macro_f1": 0.570172}
{"cell": "comparison/standardized/matched_gchm_xgb_v1/runs/none/seed1236", "rounds_completed": 250, "rounds_total": 1200, "elapsed_seconds": 26.40177908299998, "estimated_remaining_seconds": 100.32676051539993, "validation_macro_f1": 0.57165}
{"cell": "comparison/standardized/matched_gchm_xgb_v1/runs/none/seed1236", "rounds_completed": 300, "rounds_total": 1200, "elapsed_seconds": 31.916445958000025, "estimated_remaining_seconds": 95.74933787400008, "validation_macro_f1": 0.572142}
{"cell": "comparison/standardized/matched_gchm_xgb_v1/runs/none/seed1236", "rounds_completed": 350, "rounds_total": 1200, "elapsed_seconds": 37.30356495800001, "estimated_remaining_seconds": 90.59437204085717, "validation_macro_f1": 0.577156}
{"cell": "comparison/standardized/matched_gchm_xgb_v1/runs/none/seed1236", "rounds_completed": 400, "rounds_total": 1200, "elapsed_seconds": 42.458793583000016, "estimated_remaining_seconds": 84.91758716600003, "validation_macro_f1": 0.579714}
{"cell": "comparison/standardized/matched_gchm_xgb_v1/runs/none/seed1236", "rounds_completed": 450, "rounds_total": 1200, "elapsed_seconds": 47.573937083000004, "estimated_remaining_seconds": 79.28989513833335, "validation_macro_f1": 0.583218}
{"cell": "comparison/standardized/matched_gchm_xgb_v1/runs/none/seed1236", "rounds_completed": 500, "rounds_total": 1200, "elapsed_seconds": 52.56357358300002, "estimated_remaining_seconds": 73.58900301620002, "validation_macro_f1": 0.582565}
{"cell": "comparison/standardized/matched_gchm_xgb_v1/runs/none/seed1236", "rounds_completed": 550, "rounds_total": 1200, "elapsed_seconds": 57.433083332999985, "estimated_remaining_seconds": 67.87546212081817, "validation_macro_f1": 0.581077}
{"cell": "comparison/standardized/matched_gchm_xgb_v1/runs/none/seed1236", "rounds_completed": 600, "rounds_total": 1200, "elapsed_seconds": 62.286401125000026, "estimated_remaining_seconds": 62.286401125000026, "validation_macro_f1": 0.580407}
{"cell": "comparison/standardized/matched_gchm_xgb_v1/runs/none/seed1236", "rounds_completed": 650, "rounds_total": 1200, "elapsed_seconds": 67.13419204200002, "estimated_remaining_seconds": 56.80585480476925, "validation_macro_f1": 0.57965}
{"cell": "comparison/standardized/matched_gchm_xgb_v1/runs/none/seed1236", "rounds_completed": 700, "rounds_total": 1200, "elapsed_seconds": 71.93320979199999, "estimated_remaining_seconds": 51.380864137142844, "validation_macro_f1": 0.581164}
{"cell": "comparison/standardized/matched_gchm_xgb_v1/runs/none/seed1236", "rounds_completed": 750, "rounds_total": 1200, "elapsed_seconds": 76.70971525000002, "estimated_remaining_seconds": 46.02582915000001, "validation_macro_f1": 0.583338}
{"cell": "comparison/standardized/matched_gchm_xgb_v1/runs/none/seed1236", "rounds_completed": 800, "rounds_total": 1200, "elapsed_seconds": 81.51644491700003, "estimated_remaining_seconds": 40.758222458500015, "validation_macro_f1": 0.583801}
{"cell": "comparison/standardized/matched_gchm_xgb_v1/runs/none/seed1236", "rounds_completed": 850, "rounds_total": 1200, "elapsed_seconds": 86.29277129200003, "estimated_remaining_seconds": 35.532317590823546, "validation_macro_f1": 0.585659}
{"cell": "comparison/standardized/matched_gchm_xgb_v1/runs/none/seed1236", "rounds_completed": 900, "rounds_total": 1200, "elapsed_seconds": 91.08252404200002, "estimated_remaining_seconds": 30.360841347333338, "validation_macro_f1": 0.584645}
{"cell": "comparison/standardized/matched_gchm_xgb_v1/runs/none/seed1236", "rounds_completed": 950, "rounds_total": 1200, "elapsed_seconds": 95.826139208, "estimated_remaining_seconds": 25.21740505473684, "validation_macro_f1": 0.586479}
{"cell": "comparison/standardized/matched_gchm_xgb_v1/runs/none/seed1236", "rounds_completed": 1000, "rounds_total": 1200, "elapsed_seconds": 100.569620292, "estimated_remaining_seconds": 20.1139240584, "validation_macro_f1": 0.585011}
{"cell": "comparison/standardized/matched_gchm_xgb_v1/runs/none/seed1236", "rounds_completed": 1050, "rounds_total": 1200, "elapsed_seconds": 105.361975667, "estimated_remaining_seconds": 15.051710809571427, "validation_macro_f1": 0.586082}
{"cell": "comparison/standardized/matched_gchm_xgb_v1/runs/none/seed1236", "rounds_completed": 1100, "rounds_total": 1200, "elapsed_seconds": 110.13393983300003, "estimated_remaining_seconds": 10.012176348454547, "validation_macro_f1": 0.583289}
{"cell": "comparison/standardized/matched_gchm_xgb_v1/runs/none/seed1236", "rounds_completed": 1150, "rounds_total": 1200, "elapsed_seconds": 114.927384375, "estimated_remaining_seconds": 4.996842798913043, "validation_macro_f1": 0.583527}
{"cell": "comparison/standardized/matched_gchm_xgb_v1/runs/none/seed1236", "rounds_completed": 1200, "rounds_total": 1200, "elapsed_seconds": 119.69931920799999, "estimated_remaining_seconds": 0.0, "validation_macro_f1": 0.58422}
{"status": "completed", "scope": "full_cohort", "seed": 1236, "weight_policy": "none", "selected_counts": [59607, 7448], "selected_iteration": 1041, "metrics": {"accuracy": 0.646079, "balanced_acc": 0.576301, "macro_f1": 0.587012, "micro_f1": 0.646079, "top3_acc": 0.843582, "top5_acc": 0.907895}, "elapsed_seconds": 121.443357542}
{"cell": "comparison/standardized/matched_gchm_xgb_v1/runs/sqrt_inverse/seed1234", "rounds_completed": 50, "rounds_total": 1200, "elapsed_seconds": 4.581717167000022, "estimated_remaining_seconds": 105.37949484100051, "validation_macro_f1": 0.539801}
{"cell": "comparison/standardized/matched_gchm_xgb_v1/runs/sqrt_inverse/seed1234", "rounds_completed": 100, "rounds_total": 1200, "elapsed_seconds": 9.699447249999992, "estimated_remaining_seconds": 106.6939197499999, "validation_macro_f1": 0.548936}
{"cell": "comparison/standardized/matched_gchm_xgb_v1/runs/sqrt_inverse/seed1234", "rounds_completed": 150, "rounds_total": 1200, "elapsed_seconds": 15.349621582999987, "estimated_remaining_seconds": 107.44735108099991, "validation_macro_f1": 0.55694}
{"cell": "comparison/standardized/matched_gchm_xgb_v1/runs/sqrt_inverse/seed1234", "rounds_completed": 200, "rounds_total": 1200, "elapsed_seconds": 21.081437875000006, "estimated_remaining_seconds": 105.40718937500003, "validation_macro_f1": 0.5644}
{"cell": "comparison/standardized/matched_gchm_xgb_v1/runs/sqrt_inverse/seed1234", "rounds_completed": 250, "rounds_total": 1200, "elapsed_seconds": 26.59823137500001, "estimated_remaining_seconds": 101.07327922500004, "validation_macro_f1": 0.56911}
{"cell": "comparison/standardized/matched_gchm_xgb_v1/runs/sqrt_inverse/seed1234", "rounds_completed": 300, "rounds_total": 1200, "elapsed_seconds": 31.898828125000023, "estimated_remaining_seconds": 95.69648437500007, "validation_macro_f1": 0.57063}
{"cell": "comparison/standardized/matched_gchm_xgb_v1/runs/sqrt_inverse/seed1234", "rounds_completed": 350, "rounds_total": 1200, "elapsed_seconds": 36.99233837500003, "estimated_remaining_seconds": 89.8385360535715, "validation_macro_f1": 0.572107}
{"cell": "comparison/standardized/matched_gchm_xgb_v1/runs/sqrt_inverse/seed1234", "rounds_completed": 400, "rounds_total": 1200, "elapsed_seconds": 41.963127499999985, "estimated_remaining_seconds": 83.92625499999997, "validation_macro_f1": 0.573049}
{"cell": "comparison/standardized/matched_gchm_xgb_v1/runs/sqrt_inverse/seed1234", "rounds_completed": 450, "rounds_total": 1200, "elapsed_seconds": 46.86960408300001, "estimated_remaining_seconds": 78.11600680500003, "validation_macro_f1": 0.572678}
{"cell": "comparison/standardized/matched_gchm_xgb_v1/runs/sqrt_inverse/seed1234", "rounds_completed": 500, "rounds_total": 1200, "elapsed_seconds": 51.74960924999999, "estimated_remaining_seconds": 72.44945295, "validation_macro_f1": 0.573507}
{"cell": "comparison/standardized/matched_gchm_xgb_v1/runs/sqrt_inverse/seed1234", "rounds_completed": 550, "rounds_total": 1200, "elapsed_seconds": 56.57464095800003, "estimated_remaining_seconds": 66.86093931400003, "validation_macro_f1": 0.574079}
{"cell": "comparison/standardized/matched_gchm_xgb_v1/runs/sqrt_inverse/seed1234", "rounds_completed": 600, "rounds_total": 1200, "elapsed_seconds": 61.36323379200002, "estimated_remaining_seconds": 61.36323379200002, "validation_macro_f1": 0.575978}
{"cell": "comparison/standardized/matched_gchm_xgb_v1/runs/sqrt_inverse/seed1234", "rounds_completed": 650, "rounds_total": 1200, "elapsed_seconds": 66.14530912499998, "estimated_remaining_seconds": 55.96910772115383, "validation_macro_f1": 0.576876}
{"cell": "comparison/standardized/matched_gchm_xgb_v1/runs/sqrt_inverse/seed1234", "rounds_completed": 700, "rounds_total": 1200, "elapsed_seconds": 70.92431816700002, "estimated_remaining_seconds": 50.660227262142875, "validation_macro_f1": 0.577497}
{"cell": "comparison/standardized/matched_gchm_xgb_v1/runs/sqrt_inverse/seed1234", "rounds_completed": 750, "rounds_total": 1200, "elapsed_seconds": 75.677328042, "estimated_remaining_seconds": 45.406396825200005, "validation_macro_f1": 0.576829}
{"cell": "comparison/standardized/matched_gchm_xgb_v1/runs/sqrt_inverse/seed1234", "rounds_completed": 800, "rounds_total": 1200, "elapsed_seconds": 80.370563, "estimated_remaining_seconds": 40.1852815, "validation_macro_f1": 0.578722}
{"cell": "comparison/standardized/matched_gchm_xgb_v1/runs/sqrt_inverse/seed1234", "rounds_completed": 850, "rounds_total": 1200, "elapsed_seconds": 85.05109816700002, "estimated_remaining_seconds": 35.02104042170589, "validation_macro_f1": 0.579936}
{"cell": "comparison/standardized/matched_gchm_xgb_v1/runs/sqrt_inverse/seed1234", "rounds_completed": 900, "rounds_total": 1200, "elapsed_seconds": 89.732999958, "estimated_remaining_seconds": 29.910999985999997, "validation_macro_f1": 0.579367}
{"cell": "comparison/standardized/matched_gchm_xgb_v1/runs/sqrt_inverse/seed1234", "rounds_completed": 950, "rounds_total": 1200, "elapsed_seconds": 94.39743745800001, "estimated_remaining_seconds": 24.841430910000003, "validation_macro_f1": 0.579382}
{"cell": "comparison/standardized/matched_gchm_xgb_v1/runs/sqrt_inverse/seed1234", "rounds_completed": 1000, "rounds_total": 1200, "elapsed_seconds": 99.100780042, "estimated_remaining_seconds": 19.8201560084, "validation_macro_f1": 0.578626}
{"cell": "comparison/standardized/matched_gchm_xgb_v1/runs/sqrt_inverse/seed1234", "rounds_completed": 1050, "rounds_total": 1200, "elapsed_seconds": 103.77066654200001, "estimated_remaining_seconds": 14.824380934571431, "validation_macro_f1": 0.577394}
{"cell": "comparison/standardized/matched_gchm_xgb_v1/runs/sqrt_inverse/seed1234", "rounds_completed": 1100, "rounds_total": 1200, "elapsed_seconds": 108.46455970800002, "estimated_remaining_seconds": 9.860414518909092, "validation_macro_f1": 0.578556}
{"cell": "comparison/standardized/matched_gchm_xgb_v1/runs/sqrt_inverse/seed1234", "rounds_completed": 1150, "rounds_total": 1200, "elapsed_seconds": 113.17465766700002, "estimated_remaining_seconds": 4.920637289869566, "validation_macro_f1": 0.578274}
{"cell": "comparison/standardized/matched_gchm_xgb_v1/runs/sqrt_inverse/seed1234", "rounds_completed": 1200, "rounds_total": 1200, "elapsed_seconds": 117.85185758300003, "estimated_remaining_seconds": 0.0, "validation_macro_f1": 0.578436}
{"status": "completed", "scope": "full_cohort", "seed": 1234, "weight_policy": "sqrt_inverse", "selected_counts": [59607, 7448], "selected_iteration": 850, "metrics": {"accuracy": 0.640306, "balanced_acc": 0.599841, "macro_f1": 0.580779, "micro_f1": 0.640306, "top3_acc": 0.841702, "top5_acc": 0.910714}, "elapsed_seconds": 119.448021875}
{"cell": "comparison/standardized/matched_gchm_xgb_v1/runs/sqrt_inverse/seed1235", "rounds_completed": 50, "rounds_total": 1200, "elapsed_seconds": 4.4930213330000015, "estimated_remaining_seconds": 103.33949065900003, "validation_macro_f1": 0.540407}
{"cell": "comparison/standardized/matched_gchm_xgb_v1/runs/sqrt_inverse/seed1235", "rounds_completed": 100, "rounds_total": 1200, "elapsed_seconds": 9.544224083000017, "estimated_remaining_seconds": 104.98646491300019, "validation_macro_f1": 0.549478}
{"cell": "comparison/standardized/matched_gchm_xgb_v1/runs/sqrt_inverse/seed1235", "rounds_completed": 150, "rounds_total": 1200, "elapsed_seconds": 15.12704599999995, "estimated_remaining_seconds": 105.88932199999965, "validation_macro_f1": 0.557336}
{"cell": "comparison/standardized/matched_gchm_xgb_v1/runs/sqrt_inverse/seed1235", "rounds_completed": 200, "rounds_total": 1200, "elapsed_seconds": 20.837933249999992, "estimated_remaining_seconds": 104.18966624999996, "validation_macro_f1": 0.563112}
{"cell": "comparison/standardized/matched_gchm_xgb_v1/runs/sqrt_inverse/seed1235", "rounds_completed": 250, "rounds_total": 1200, "elapsed_seconds": 26.45482687499998, "estimated_remaining_seconds": 100.52834212499992, "validation_macro_f1": 0.564918}
{"cell": "comparison/standardized/matched_gchm_xgb_v1/runs/sqrt_inverse/seed1235", "rounds_completed": 300, "rounds_total": 1200, "elapsed_seconds": 32.09634300000005, "estimated_remaining_seconds": 96.28902900000014, "validation_macro_f1": 0.567521}
{"cell": "comparison/standardized/matched_gchm_xgb_v1/runs/sqrt_inverse/seed1235", "rounds_completed": 350, "rounds_total": 1200, "elapsed_seconds": 37.23312120800006, "estimated_remaining_seconds": 90.42329436228584, "validation_macro_f1": 0.569831}
{"cell": "comparison/standardized/matched_gchm_xgb_v1/runs/sqrt_inverse/seed1235", "rounds_completed": 400, "rounds_total": 1200, "elapsed_seconds": 42.21510045800005, "estimated_remaining_seconds": 84.4302009160001, "validation_macro_f1": 0.571816}
{"cell": "comparison/standardized/matched_gchm_xgb_v1/runs/sqrt_inverse/seed1235", "rounds_completed": 450, "rounds_total": 1200, "elapsed_seconds": 47.10991870800001, "estimated_remaining_seconds": 78.51653118000002, "validation_macro_f1": 0.574174}
{"cell": "comparison/standardized/matched_gchm_xgb_v1/runs/sqrt_inverse/seed1235", "rounds_completed": 500, "rounds_total": 1200, "elapsed_seconds": 52.12596754200001, "estimated_remaining_seconds": 72.97635455880001, "validation_macro_f1": 0.576709}
{"cell": "comparison/standardized/matched_gchm_xgb_v1/runs/sqrt_inverse/seed1235", "rounds_completed": 550, "rounds_total": 1200, "elapsed_seconds": 56.94273983300002, "estimated_remaining_seconds": 67.29596525718185, "validation_macro_f1": 0.577756}
{"cell": "comparison/standardized/matched_gchm_xgb_v1/runs/sqrt_inverse/seed1235", "rounds_completed": 600, "rounds_total": 1200, "elapsed_seconds": 62.458095542000024, "estimated_remaining_seconds": 62.458095542000024, "validation_macro_f1": 0.575736}
{"cell": "comparison/standardized/matched_gchm_xgb_v1/runs/sqrt_inverse/seed1235", "rounds_completed": 650, "rounds_total": 1200, "elapsed_seconds": 67.21604812500004, "estimated_remaining_seconds": 56.875117644230805, "validation_macro_f1": 0.576639}
{"cell": "comparison/standardized/matched_gchm_xgb_v1/runs/sqrt_inverse/seed1235", "rounds_completed": 700, "rounds_total": 1200, "elapsed_seconds": 71.98816995799996, "estimated_remaining_seconds": 51.420121398571396, "validation_macro_f1": 0.57686}
{"cell": "comparison/standardized/matched_gchm_xgb_v1/runs/sqrt_inverse/seed1235", "rounds_completed": 750, "rounds_total": 1200, "elapsed_seconds": 76.75680804199999, "estimated_remaining_seconds": 46.05408482519999, "validation_macro_f1": 0.577615}
{"cell": "comparison/standardized/matched_gchm_xgb_v1/runs/sqrt_inverse/seed1235", "rounds_completed": 800, "rounds_total": 1200, "elapsed_seconds": 81.56436554200002, "estimated_remaining_seconds": 40.78218277100001, "validation_macro_f1": 0.578227}
{"cell": "comparison/standardized/matched_gchm_xgb_v1/runs/sqrt_inverse/seed1235", "rounds_completed": 850, "rounds_total": 1200, "elapsed_seconds": 86.32650020799997, "estimated_remaining_seconds": 35.54620596799999, "validation_macro_f1": 0.57946}
{"cell": "comparison/standardized/matched_gchm_xgb_v1/runs/sqrt_inverse/seed1235", "rounds_completed": 900, "rounds_total": 1200, "elapsed_seconds": 91.10499945799995, "estimated_remaining_seconds": 30.36833315266665, "validation_macro_f1": 0.577074}
{"cell": "comparison/standardized/matched_gchm_xgb_v1/runs/sqrt_inverse/seed1235", "rounds_completed": 950, "rounds_total": 1200, "elapsed_seconds": 95.83252208299996, "estimated_remaining_seconds": 25.219084758684197, "validation_macro_f1": 0.578069}
{"cell": "comparison/standardized/matched_gchm_xgb_v1/runs/sqrt_inverse/seed1235", "rounds_completed": 1000, "rounds_total": 1200, "elapsed_seconds": 100.56163758299999, "estimated_remaining_seconds": 20.112327516599997, "validation_macro_f1": 0.578424}
{"cell": "comparison/standardized/matched_gchm_xgb_v1/runs/sqrt_inverse/seed1235", "rounds_completed": 1050, "rounds_total": 1200, "elapsed_seconds": 105.17881145800004, "estimated_remaining_seconds": 15.025544494000007, "validation_macro_f1": 0.578064}
{"cell": "comparison/standardized/matched_gchm_xgb_v1/runs/sqrt_inverse/seed1235", "rounds_completed": 1100, "rounds_total": 1200, "elapsed_seconds": 109.87602841700004, "estimated_remaining_seconds": 9.988729856090913, "validation_macro_f1": 0.576897}
{"cell": "comparison/standardized/matched_gchm_xgb_v1/runs/sqrt_inverse/seed1235", "rounds_completed": 1150, "rounds_total": 1200, "elapsed_seconds": 114.71894004199999, "estimated_remaining_seconds": 4.987780001826087, "validation_macro_f1": 0.576353}
{"cell": "comparison/standardized/matched_gchm_xgb_v1/runs/sqrt_inverse/seed1235", "rounds_completed": 1200, "rounds_total": 1200, "elapsed_seconds": 119.50930033300006, "estimated_remaining_seconds": 0.0, "validation_macro_f1": 0.576157}
{"status": "completed", "scope": "full_cohort", "seed": 1235, "weight_policy": "sqrt_inverse", "selected_counts": [59607, 7448], "selected_iteration": 841, "metrics": {"accuracy": 0.639366, "balanced_acc": 0.600042, "macro_f1": 0.580203, "micro_f1": 0.639366, "top3_acc": 0.838883, "top5_acc": 0.911654}, "elapsed_seconds": 121.18851712499998}
{"cell": "comparison/standardized/matched_gchm_xgb_v1/runs/sqrt_inverse/seed1236", "rounds_completed": 50, "rounds_total": 1200, "elapsed_seconds": 4.87080262500001, "estimated_remaining_seconds": 112.02846037500024, "validation_macro_f1": 0.537505}
{"cell": "comparison/standardized/matched_gchm_xgb_v1/runs/sqrt_inverse/seed1236", "rounds_completed": 100, "rounds_total": 1200, "elapsed_seconds": 10.036985791999996, "estimated_remaining_seconds": 110.40684371199995, "validation_macro_f1": 0.550041}
{"cell": "comparison/standardized/matched_gchm_xgb_v1/runs/sqrt_inverse/seed1236", "rounds_completed": 150, "rounds_total": 1200, "elapsed_seconds": 15.774318124999922, "estimated_remaining_seconds": 110.42022687499946, "validation_macro_f1": 0.556773}
{"cell": "comparison/standardized/matched_gchm_xgb_v1/runs/sqrt_inverse/seed1236", "rounds_completed": 200, "rounds_total": 1200, "elapsed_seconds": 21.572195166999904, "estimated_remaining_seconds": 107.86097583499952, "validation_macro_f1": 0.563445}
{"cell": "comparison/standardized/matched_gchm_xgb_v1/runs/sqrt_inverse/seed1236", "rounds_completed": 250, "rounds_total": 1200, "elapsed_seconds": 27.163975916999902, "estimated_remaining_seconds": 103.22310848459963, "validation_macro_f1": 0.566251}
{"cell": "comparison/standardized/matched_gchm_xgb_v1/runs/sqrt_inverse/seed1236", "rounds_completed": 300, "rounds_total": 1200, "elapsed_seconds": 32.475491917, "estimated_remaining_seconds": 97.426475751, "validation_macro_f1": 0.568013}
{"cell": "comparison/standardized/matched_gchm_xgb_v1/runs/sqrt_inverse/seed1236", "rounds_completed": 350, "rounds_total": 1200, "elapsed_seconds": 37.601138791999915, "estimated_remaining_seconds": 91.3170513519998, "validation_macro_f1": 0.573129}
{"cell": "comparison/standardized/matched_gchm_xgb_v1/runs/sqrt_inverse/seed1236", "rounds_completed": 400, "rounds_total": 1200, "elapsed_seconds": 42.582410374999995, "estimated_remaining_seconds": 85.16482074999999, "validation_macro_f1": 0.570765}
{"cell": "comparison/standardized/matched_gchm_xgb_v1/runs/sqrt_inverse/seed1236", "rounds_completed": 450, "rounds_total": 1200, "elapsed_seconds": 47.54245583299996, "estimated_remaining_seconds": 79.23742638833328, "validation_macro_f1": 0.572876}
{"cell": "comparison/standardized/matched_gchm_xgb_v1/runs/sqrt_inverse/seed1236", "rounds_completed": 500, "rounds_total": 1200, "elapsed_seconds": 52.43065083299996, "estimated_remaining_seconds": 73.40291116619994, "validation_macro_f1": 0.573757}
{"cell": "comparison/standardized/matched_gchm_xgb_v1/runs/sqrt_inverse/seed1236", "rounds_completed": 550, "rounds_total": 1200, "elapsed_seconds": 57.31880954199994, "estimated_remaining_seconds": 67.74041127690903, "validation_macro_f1": 0.574337}
{"cell": "comparison/standardized/matched_gchm_xgb_v1/runs/sqrt_inverse/seed1236", "rounds_completed": 600, "rounds_total": 1200, "elapsed_seconds": 62.15675595799996, "estimated_remaining_seconds": 62.15675595799996, "validation_macro_f1": 0.5738}
{"cell": "comparison/standardized/matched_gchm_xgb_v1/runs/sqrt_inverse/seed1236", "rounds_completed": 650, "rounds_total": 1200, "elapsed_seconds": 67.00819345799994, "estimated_remaining_seconds": 56.69924061830764, "validation_macro_f1": 0.57539}
{"cell": "comparison/standardized/matched_gchm_xgb_v1/runs/sqrt_inverse/seed1236", "rounds_completed": 700, "rounds_total": 1200, "elapsed_seconds": 71.84220979199995, "estimated_remaining_seconds": 51.31586413714282, "validation_macro_f1": 0.577374}
{"cell": "comparison/standardized/matched_gchm_xgb_v1/runs/sqrt_inverse/seed1236", "rounds_completed": 750, "rounds_total": 1200, "elapsed_seconds": 76.63586295799996, "estimated_remaining_seconds": 45.981517774799975, "validation_macro_f1": 0.577328}
{"cell": "comparison/standardized/matched_gchm_xgb_v1/runs/sqrt_inverse/seed1236", "rounds_completed": 800, "rounds_total": 1200, "elapsed_seconds": 81.46300550000001, "estimated_remaining_seconds": 40.731502750000004, "validation_macro_f1": 0.577666}
{"cell": "comparison/standardized/matched_gchm_xgb_v1/runs/sqrt_inverse/seed1236", "rounds_completed": 850, "rounds_total": 1200, "elapsed_seconds": 86.2476835, "estimated_remaining_seconds": 35.51375202941176, "validation_macro_f1": 0.578278}
{"cell": "comparison/standardized/matched_gchm_xgb_v1/runs/sqrt_inverse/seed1236", "rounds_completed": 900, "rounds_total": 1200, "elapsed_seconds": 91.04916008299995, "estimated_remaining_seconds": 30.34972002766665, "validation_macro_f1": 0.578376}
{"cell": "comparison/standardized/matched_gchm_xgb_v1/runs/sqrt_inverse/seed1236", "rounds_completed": 950, "rounds_total": 1200, "elapsed_seconds": 95.7839732079999, "estimated_remaining_seconds": 25.206308738947346, "validation_macro_f1": 0.577821}
{"cell": "comparison/standardized/matched_gchm_xgb_v1/runs/sqrt_inverse/seed1236", "rounds_completed": 1000, "rounds_total": 1200, "elapsed_seconds": 100.5515348749999, "estimated_remaining_seconds": 20.11030697499998, "validation_macro_f1": 0.577398}
{"cell": "comparison/standardized/matched_gchm_xgb_v1/runs/sqrt_inverse/seed1236", "rounds_completed": 1050, "rounds_total": 1200, "elapsed_seconds": 105.37785595799994, "estimated_remaining_seconds": 15.053979422571421, "validation_macro_f1": 0.578108}
{"cell": "comparison/standardized/matched_gchm_xgb_v1/runs/sqrt_inverse/seed1236", "rounds_completed": 1100, "rounds_total": 1200, "elapsed_seconds": 110.13372349999997, "estimated_remaining_seconds": 10.01215668181818, "validation_macro_f1": 0.576995}
{"cell": "comparison/standardized/matched_gchm_xgb_v1/runs/sqrt_inverse/seed1236", "rounds_completed": 1150, "rounds_total": 1200, "elapsed_seconds": 114.89671691699994, "estimated_remaining_seconds": 4.99550943117391, "validation_macro_f1": 0.577845}
{"cell": "comparison/standardized/matched_gchm_xgb_v1/runs/sqrt_inverse/seed1236", "rounds_completed": 1200, "rounds_total": 1200, "elapsed_seconds": 119.6794551669999, "estimated_remaining_seconds": 0.0, "validation_macro_f1": 0.578801}
{"status": "completed", "scope": "full_cohort", "seed": 1236, "weight_policy": "sqrt_inverse", "selected_counts": [59607, 7448], "selected_iteration": 919, "metrics": {"accuracy": 0.639903, "balanced_acc": 0.59838, "macro_f1": 0.579234, "micro_f1": 0.639903, "top3_acc": 0.841568, "top5_acc": 0.910849}, "elapsed_seconds": 121.36468608300004}
