/Users/necatifurkancolak/Library/Python/3.9/lib/python/site-packages/urllib3/__init__.py:35: NotOpenSSLWarning: urllib3 v2 only supports OpenSSL 1.1.1+, currently the 'ssl' module is compiled with 'LibreSSL 2.8.3'. See: https://github.com/urllib3/urllib3/issues/3020
  warnings.warn(
============================================================
TRAINING
============================================================
  [INFO] Prototype layers ENABLED.
/Users/necatifurkancolak/Library/Python/3.9/lib/python/site-packages/torch_geometric/deprecation.py:26: UserWarning: 'data.DataLoader' is deprecated, use 'loader.DataLoader' instead
  warnings.warn(out)
  Dataset : mimic_intra_patient
  Graphs  : 20000  |  avg nodes: 20.6  |  avg edges: 19.8
  Classes : 2  |  input_dim: 164
  Class counts (train): [9983, 6017]
  Class counts (eval) : [1248, 752]
  Class counts (test) : [1248, 752]
  Class weights       : [0.8014, 1.3296]
  clst=0.02  sep=0.1  lr=0.001

  Epoch    0 | Train Loss: 0.8190  Acc: 0.5391 | Eval Loss: 0.6420  Acc: 0.6215  PR-AUC: 0.5635  [9s]
  Epoch    1 | Train Loss: 0.6781  Acc: 0.6742 | Eval Loss: 0.6492  Acc: 0.6795  PR-AUC: 0.6173  [19s]
  Epoch    2 | Train Loss: 0.6440  Acc: 0.6939 | Eval Loss: 0.6892  Acc: 0.7000  PR-AUC: 0.6251  [29s]
  Epoch    3 | Train Loss: 0.6254  Acc: 0.7097 | Eval Loss: 0.6371  Acc: 0.7060  PR-AUC: 0.6410  [41s]
  Epoch    4 | Train Loss: 0.6104  Acc: 0.7176 | Eval Loss: 0.6052  Acc: 0.7005  PR-AUC: 0.6542  [52s]
  Epoch    5 | Train Loss: 0.5990  Acc: 0.7186 | Eval Loss: 0.6413  Acc: 0.7195  PR-AUC: 0.6647  [65s]
  Epoch    6 | Train Loss: 0.5830  Acc: 0.7266 | Eval Loss: 0.6017  Acc: 0.7195  PR-AUC: 0.6742  [76s]
  Epoch    7 | Train Loss: 0.5766  Acc: 0.7281 | Eval Loss: 0.6293  Acc: 0.7255  PR-AUC: 0.6801  [92s]
  Epoch    8 | Train Loss: 0.5739  Acc: 0.7271 | Eval Loss: 0.5742  Acc: 0.7220  PR-AUC: 0.6814  [109s]
  Epoch    9 | Train Loss: 0.5701  Acc: 0.7257 | Eval Loss: 0.5944  Acc: 0.7275  PR-AUC: 0.6847  [123s]
  Epoch   10 | Train Loss: 0.5636  Acc: 0.7318 | Eval Loss: 0.5676  Acc: 0.7310  PR-AUC: 0.6887  [137s]
  Epoch   11 | Train Loss: 0.5642  Acc: 0.7304 | Eval Loss: 0.5979  Acc: 0.7325  PR-AUC: 0.6890  [150s]
  Epoch   12 | Train Loss: 0.5582  Acc: 0.7341 | Eval Loss: 0.5846  Acc: 0.7265  PR-AUC: 0.6867  [166s]
  Epoch   13 | Train Loss: 0.5553  Acc: 0.7326 | Eval Loss: 0.5596  Acc: 0.7175  PR-AUC: 0.6884  [181s]
  Epoch   14 | Train Loss: 0.5567  Acc: 0.7326 | Eval Loss: 0.5491  Acc: 0.7255  PR-AUC: 0.6878  [198s]
  Epoch   15 | Train Loss: 0.5517  Acc: 0.7372 | Eval Loss: 0.5560  Acc: 0.7275  PR-AUC: 0.6899  [213s]
  Epoch   16 | Train Loss: 0.5510  Acc: 0.7334 | Eval Loss: 0.5573  Acc: 0.7070  PR-AUC: 0.6907  [229s]
  Epoch   17 | Train Loss: 0.5518  Acc: 0.7332 | Eval Loss: 0.5670  Acc: 0.7275  PR-AUC: 0.6915  [245s]
  Epoch   18 | Train Loss: 0.5475  Acc: 0.7349 | Eval Loss: 0.5667  Acc: 0.7315  PR-AUC: 0.6930  [259s]
  Epoch   19 | Train Loss: 0.5474  Acc: 0.7352 | Eval Loss: 0.5429  Acc: 0.7270  PR-AUC: 0.6941  [273s]
  Epoch   20 | Train Loss: 0.5484  Acc: 0.7301 | Eval Loss: 0.5493  Acc: 0.7250  PR-AUC: 0.6912  [287s]
  Epoch   21 | Train Loss: 0.5455  Acc: 0.7366 | Eval Loss: 0.5509  Acc: 0.7215  PR-AUC: 0.6933  [300s]
  Epoch   22 | Train Loss: 0.5421  Acc: 0.7374 | Eval Loss: 0.5550  Acc: 0.7375  PR-AUC: 0.6955  [317s]
  Epoch   23 | Train Loss: 0.5462  Acc: 0.7342 | Eval Loss: 0.5435  Acc: 0.7195  PR-AUC: 0.6924  [340s]
  Epoch   24 | Train Loss: 0.5399  Acc: 0.7346 | Eval Loss: 0.5494  Acc: 0.7205  PR-AUC: 0.6910  [360s]
  Epoch   25 | Train Loss: 0.6597  Acc: 0.7097 | Eval Loss: 0.5476  Acc: 0.7185  PR-AUC: 0.6725  [581s]
  Epoch   26 | Train Loss: 0.5554  Acc: 0.7316 | Eval Loss: 0.5841  Acc: 0.6935  PR-AUC: 0.6839  [602s]
  Epoch   27 | Train Loss: 0.5499  Acc: 0.7356 | Eval Loss: 0.5561  Acc: 0.7305  PR-AUC: 0.6933  [621s]
  Epoch   28 | Train Loss: 0.5451  Acc: 0.7361 | Eval Loss: 0.5458  Acc: 0.7130  PR-AUC: 0.6941  [640s]
  Epoch   29 | Train Loss: 0.5407  Acc: 0.7361 | Eval Loss: 0.5677  Acc: 0.6980  PR-AUC: 0.6943  [660s]
  Epoch   30 | Train Loss: 0.5430  Acc: 0.7342 | Eval Loss: 0.5576  Acc: 0.7295  PR-AUC: 0.6947  [680s]
  Epoch   31 | Train Loss: 0.5426  Acc: 0.7358 | Eval Loss: 0.5475  Acc: 0.7220  PR-AUC: 0.6956  [700s]
  Epoch   32 | Train Loss: 0.5394  Acc: 0.7384 | Eval Loss: 0.5549  Acc: 0.7255  PR-AUC: 0.6920  [722s]
  Epoch   33 | Train Loss: 0.5364  Acc: 0.7383 | Eval Loss: 0.5467  Acc: 0.7145  PR-AUC: 0.6971  [745s]
  Epoch   34 | Train Loss: 0.5395  Acc: 0.7356 | Eval Loss: 0.5442  Acc: 0.7245  PR-AUC: 0.6967  [771s]
  Epoch   35 | Train Loss: 0.6102  Acc: 0.7300 | Eval Loss: 0.5584  Acc: 0.7125  PR-AUC: 0.6793  [924s]
  Epoch   36 | Train Loss: 0.5532  Acc: 0.7375 | Eval Loss: 0.5717  Acc: 0.7175  PR-AUC: 0.6880  [937s]
  Epoch   37 | Train Loss: 0.5479  Acc: 0.7404 | Eval Loss: 0.5602  Acc: 0.7290  PR-AUC: 0.6945  [954s]
  Epoch   38 | Train Loss: 0.5443  Acc: 0.7395 | Eval Loss: 0.5690  Acc: 0.7045  PR-AUC: 0.6945  [971s]
  Epoch   39 | Train Loss: 0.5445  Acc: 0.7399 | Eval Loss: 0.5784  Acc: 0.7045  PR-AUC: 0.6957  [985s]
  Epoch   40 | Train Loss: 0.5412  Acc: 0.7384 | Eval Loss: 0.5504  Acc: 0.7225  PR-AUC: 0.6955  [1000s]
  Epoch   41 | Train Loss: 0.5374  Acc: 0.7406 | Eval Loss: 0.5498  Acc: 0.7320  PR-AUC: 0.6974  [1016s]
  Epoch   42 | Train Loss: 0.5390  Acc: 0.7402 | Eval Loss: 0.5752  Acc: 0.7410  PR-AUC: 0.6992  [1033s]
  Epoch   43 | Train Loss: 0.5361  Acc: 0.7390 | Eval Loss: 0.5530  Acc: 0.7165  PR-AUC: 0.6965  [1048s]
  Epoch   44 | Train Loss: 0.5397  Acc: 0.7368 | Eval Loss: 0.5586  Acc: 0.7200  PR-AUC: 0.6962  [1064s]
  Epoch   45 | Train Loss: 0.6231  Acc: 0.7144 | Eval Loss: 0.6342  Acc: 0.7335  PR-AUC: 0.6904  [1229s]
  Epoch   46 | Train Loss: 0.5517  Acc: 0.7361 | Eval Loss: 0.6335  Acc: 0.7390  PR-AUC: 0.6976  [1247s]
  Epoch   47 | Train Loss: 0.5438  Acc: 0.7412 | Eval Loss: 0.5776  Acc: 0.7325  PR-AUC: 0.6966  [1262s]
  Epoch   48 | Train Loss: 0.5416  Acc: 0.7448 | Eval Loss: 0.5733  Acc: 0.7245  PR-AUC: 0.6964  [1278s]
  Epoch   49 | Train Loss: 0.5429  Acc: 0.7393 | Eval Loss: 0.5791  Acc: 0.7175  PR-AUC: 0.6984  [1292s]
  Epoch   50 | Train Loss: 0.5393  Acc: 0.7391 | Eval Loss: 0.5810  Acc: 0.7300  PR-AUC: 0.6981  [1307s]
  Epoch   51 | Train Loss: 0.5362  Acc: 0.7391 | Eval Loss: 0.5804  Acc: 0.7285  PR-AUC: 0.6994  [1324s]
  Epoch   52 | Train Loss: 0.5366  Acc: 0.7435 | Eval Loss: 0.5862  Acc: 0.7260  PR-AUC: 0.7018  [1342s]
  Epoch   53 | Train Loss: 0.5363  Acc: 0.7431 | Eval Loss: 0.5966  Acc: 0.7335  PR-AUC: 0.6970  [1358s]
  Epoch   54 | Train Loss: 0.5376  Acc: 0.7388 | Eval Loss: 0.5693  Acc: 0.7245  PR-AUC: 0.7012  [1374s]
  Epoch   55 | Train Loss: 0.5816  Acc: 0.7352 | Eval Loss: 0.6774  Acc: 0.7325  PR-AUC: 0.6947  [1533s]
  Epoch   56 | Train Loss: 0.5437  Acc: 0.7394 | Eval Loss: 0.6531  Acc: 0.7305  PR-AUC: 0.6949  [1550s]
  Epoch   57 | Train Loss: 0.5401  Acc: 0.7420 | Eval Loss: 0.7011  Acc: 0.7255  PR-AUC: 0.6970  [1566s]
  Epoch   58 | Train Loss: 0.5375  Acc: 0.7429 | Eval Loss: 0.6568  Acc: 0.7195  PR-AUC: 0.7008  [1585s]
  Epoch   59 | Train Loss: 0.5368  Acc: 0.7402 | Eval Loss: 0.6719  Acc: 0.7385  PR-AUC: 0.7022  [1602s]
  Epoch   60 | Train Loss: 0.5378  Acc: 0.7442 | Eval Loss: 0.6136  Acc: 0.7245  PR-AUC: 0.7001  [1618s]
  Epoch   61 | Train Loss: 0.5349  Acc: 0.7414 | Eval Loss: 0.6140  Acc: 0.7165  PR-AUC: 0.7001  [1636s]
  Epoch   62 | Train Loss: 0.5345  Acc: 0.7419 | Eval Loss: 0.6338  Acc: 0.7345  PR-AUC: 0.7005  [1654s]
  Epoch   63 | Train Loss: 0.5325  Acc: 0.7379 | Eval Loss: 0.7050  Acc: 0.7385  PR-AUC: 0.7013  [1673s]
  Epoch   64 | Train Loss: 0.5353  Acc: 0.7416 | Eval Loss: 0.6127  Acc: 0.7300  PR-AUC: 0.7021  [1692s]
  Epoch   65 | Train Loss: 0.5652  Acc: 0.7336 | Eval Loss: 0.7449  Acc: 0.7280  PR-AUC: 0.6940  [1867s]
  Epoch   66 | Train Loss: 0.5429  Acc: 0.7397 | Eval Loss: 0.6725  Acc: 0.7355  PR-AUC: 0.6993  [1886s]
  Epoch   67 | Train Loss: 0.5361  Acc: 0.7438 | Eval Loss: 0.6457  Acc: 0.7295  PR-AUC: 0.7005  [1905s]
  Epoch   68 | Train Loss: 0.5358  Acc: 0.7379 | Eval Loss: 0.6109  Acc: 0.7255  PR-AUC: 0.7002  [1926s]
  Epoch   69 | Train Loss: 0.5344  Acc: 0.7439 | Eval Loss: 0.6748  Acc: 0.7420  PR-AUC: 0.7029  [1946s]
  Epoch   70 | Train Loss: 0.5395  Acc: 0.7404 | Eval Loss: 0.6492  Acc: 0.7270  PR-AUC: 0.6988  [1964s]
  Epoch   71 | Train Loss: 0.5301  Acc: 0.7432 | Eval Loss: 0.6055  Acc: 0.7305  PR-AUC: 0.7037  [1981s]
  Epoch   72 | Train Loss: 0.5339  Acc: 0.7402 | Eval Loss: 0.6228  Acc: 0.7385  PR-AUC: 0.7003  [1998s]
  Epoch   73 | Train Loss: 0.5320  Acc: 0.7397 | Eval Loss: 0.6052  Acc: 0.7315  PR-AUC: 0.6992  [2019s]
  Epoch   74 | Train Loss: 0.5357  Acc: 0.7356 | Eval Loss: 0.5893  Acc: 0.7270  PR-AUC: 0.7012  [2040s]
