/Users/necatifurkancolak/Library/Python/3.9/lib/python/site-packages/urllib3/__init__.py:35: NotOpenSSLWarning: urllib3 v2 only supports OpenSSL 1.1.1+, currently the 'ssl' module is compiled with 'LibreSSL 2.8.3'. See: https://github.com/urllib3/urllib3/issues/3020
  warnings.warn(
/Users/necatifurkancolak/Library/Python/3.9/lib/python/site-packages/torch_geometric/deprecation.py:26: UserWarning: 'data.DataLoader' is deprecated, use 'loader.DataLoader' instead
  warnings.warn(out)
============================================================
TRAINING
============================================================
  [INFO] Prototype layers ENABLED.
  Dataset : mimic_patient_sim
  Graphs  : 20000  |  avg nodes: 11.0  |  avg edges: 10.0
  Classes : 2  |  input_dim: 326
  Class counts (train): [9983, 6017]
  Class counts (eval) : [1248, 752]
  Class counts (test) : [1248, 752]
  Class weights       : [0.8014, 1.3296]
  clst=0.02  sep=0.0  lr=0.001

  Epoch    0 | Train Loss: 1.1685  Acc: 0.4105 | Eval Loss: 0.6906  Acc: 0.5355  PR-AUC: 0.6950  [2s]
  Epoch    1 | Train Loss: 1.0095  Acc: 0.7013 | Eval Loss: 0.6854  Acc: 0.7245  PR-AUC: 0.7151  [3s]
  Epoch    2 | Train Loss: 0.9132  Acc: 0.7370 | Eval Loss: 0.6752  Acc: 0.7245  PR-AUC: 0.7117  [4s]
  Epoch    3 | Train Loss: 0.8343  Acc: 0.7467 | Eval Loss: 0.6555  Acc: 0.7455  PR-AUC: 0.7043  [6s]
  Epoch    4 | Train Loss: 0.7508  Acc: 0.7589 | Eval Loss: 0.6030  Acc: 0.7245  PR-AUC: 0.6883  [7s]
  Epoch    5 | Train Loss: 0.5835  Acc: 0.7631 | Eval Loss: 0.5459  Acc: 0.7270  PR-AUC: 0.6924  [8s]
  Epoch    6 | Train Loss: 0.5021  Acc: 0.7724 | Eval Loss: 0.5449  Acc: 0.7350  PR-AUC: 0.7190  [10s]
  Epoch    7 | Train Loss: 0.4641  Acc: 0.7897 | Eval Loss: 0.5444  Acc: 0.7400  PR-AUC: 0.7138  [11s]
  Epoch    8 | Train Loss: 0.4300  Acc: 0.8026 | Eval Loss: 0.5647  Acc: 0.7415  PR-AUC: 0.7036  [13s]
  Epoch    9 | Train Loss: 0.4039  Acc: 0.8173 | Eval Loss: 0.5979  Acc: 0.7385  PR-AUC: 0.7002  [14s]
  Epoch   10 | Train Loss: 0.3805  Acc: 0.8291 | Eval Loss: 0.6098  Acc: 0.7320  PR-AUC: 0.6972  [15s]
  Epoch   11 | Train Loss: 0.3426  Acc: 0.8512 | Eval Loss: 0.6170  Acc: 0.7370  PR-AUC: 0.6848  [17s]
  Epoch   12 | Train Loss: 0.3166  Acc: 0.8644 | Eval Loss: 0.6310  Acc: 0.7235  PR-AUC: 0.6621  [18s]
  Epoch   13 | Train Loss: 0.2944  Acc: 0.8739 | Eval Loss: 0.6752  Acc: 0.7310  PR-AUC: 0.6875  [20s]
  Epoch   14 | Train Loss: 0.2739  Acc: 0.8874 | Eval Loss: 0.6828  Acc: 0.7125  PR-AUC: 0.6694  [21s]
  Epoch   15 | Train Loss: 0.2553  Acc: 0.8941 | Eval Loss: 0.7034  Acc: 0.7075  PR-AUC: 0.6667  [23s]
  Epoch   16 | Train Loss: 0.2315  Acc: 0.9059 | Eval Loss: 0.7575  Acc: 0.7195  PR-AUC: 0.6581  [24s]
  Epoch   17 | Train Loss: 0.1989  Acc: 0.9216 | Eval Loss: 0.8262  Acc: 0.7130  PR-AUC: 0.6363  [25s]
  Epoch   18 | Train Loss: 0.1837  Acc: 0.9283 | Eval Loss: 0.8440  Acc: 0.7080  PR-AUC: 0.6499  [27s]
  Epoch   19 | Train Loss: 0.1686  Acc: 0.9333 | Eval Loss: 0.9316  Acc: 0.7095  PR-AUC: 0.6472  [28s]
  Epoch   20 | Train Loss: 0.1527  Acc: 0.9431 | Eval Loss: 1.0619  Acc: 0.7145  PR-AUC: 0.6439  [30s]
  Epoch   21 | Train Loss: 0.1390  Acc: 0.9459 | Eval Loss: 1.0154  Acc: 0.7115  PR-AUC: 0.6380  [31s]
  Epoch   22 | Train Loss: 0.1404  Acc: 0.9450 | Eval Loss: 1.1025  Acc: 0.7190  PR-AUC: 0.6539  [33s]
  Epoch   23 | Train Loss: 0.1224  Acc: 0.9543 | Eval Loss: 1.1760  Acc: 0.7085  PR-AUC: 0.6254  [34s]
  Epoch   24 | Train Loss: 0.1120  Acc: 0.9593 | Eval Loss: 1.1457  Acc: 0.6925  PR-AUC: 0.6142  [36s]
  Epoch   25 | Train Loss: 0.0936  Acc: 0.9671 | Eval Loss: 1.1775  Acc: 0.7000  PR-AUC: 0.6261  [37s]
  Epoch   26 | Train Loss: 0.0985  Acc: 0.9641 | Eval Loss: 1.2508  Acc: 0.7010  PR-AUC: 0.6296  [38s]
  Epoch   27 | Train Loss: 0.0866  Acc: 0.9708 | Eval Loss: 1.2692  Acc: 0.6930  PR-AUC: 0.6319  [40s]

  Early stopping triggered at epoch 27.

  Best checkpoint: epoch=6, metric=0.7190

  Calibrated decision threshold: 0.475 (validation balanced_acc=0.7328)

  TEST RESULTS
    loss              : 0.538346
    acc               : 0.7395
    precision         : 0.62963
    recall            : 0.746011
    specificity       : 0.735577
    f1                : 0.682897
    balanced_acc      : 0.740794
    pr_auc            : 0.690309
    confusion_matrix  : {'tn': 918, 'fp': 330, 'fn': 191, 'tp': 561}
    threshold         : 0.475

  THRESHOLD SENSITIVITY (test set)
    t=0.300 | precision=0.551 recall=0.883 specificity=0.567 f1=0.679 | TP=664 FP=540 TN=708 FN=88
    t=0.360 | precision=0.580 recall=0.838 specificity=0.634 f1=0.685 | TP=630 FP=457 TN=791 FN=122
    t=0.400 | precision=0.598 recall=0.810 specificity=0.672 f1=0.688 | TP=609 FP=409 TN=839 FN=143
    t=0.475 | precision=0.630 recall=0.746 specificity=0.736 f1=0.683 | TP=561 FP=330 TN=918 FN=191
    t=0.500 | precision=0.635 recall=0.717 specificity=0.752 f1=0.673 | TP=539 FP=310 TN=938 FN=213
    t=0.600 | precision=0.662 recall=0.593 specificity=0.817 f1=0.626 | TP=446 FP=228 TN=1020 FN=306
    t=0.700 | precision=0.719 recall=0.469 specificity=0.889 f1=0.568 | TP=353 FP=138 TN=1110 FN=399

============================================================
GRAPHXAI EXPLANATIONS
============================================================
  GNN layers detected (L): 3
  Explaining 0 test graphs


============================================================
SAVING RESULTS
============================================================

  Saved report to /Users/necatifurkancolak/MP---Self-Explainable-Graph-Neural-Networks-via-Prototype-Learning-for-Medical-Diagnosis/outputs/results/report.txt

  All results written to: /Users/necatifurkancolak/MP---Self-Explainable-Graph-Neural-Networks-via-Prototype-Learning-for-Medical-Diagnosis/outputs/results/

Done.
